#
# There is insufficient memory for the Java Runtime Environment to continue.
# Native memory allocation (malloc) failed to allocate 1045632 bytes. Error detail: Chunk::new
# Possible reasons:
#   The system is out of physical RAM or swap space
#   This process is running with CompressedOops enabled, and the Java Heap may be blocking the growth of the native heap
# Possible solutions:
#   Reduce memory load on the system
#   Increase physical memory or swap space
#   Check if swap backing store is full
#   Decrease Java heap size (-Xmx/-Xms)
#   Decrease number of Java threads
#   Decrease Java thread stack sizes (-Xss)
#   Set larger code cache with -XX:ReservedCodeCacheSize=
#   JVM is running with Unscaled Compressed Oops mode in which the Java heap is
#     placed in the first 4GB address space. The Java Heap base address is the
#     maximum limit for the native heap growth. Please use -XX:HeapBaseMinAddress
#     to set the Java Heap base and to place the Java Heap above 4GB virtual address.
# This output file may be truncated or incomplete.
#
#  Out of Memory Error (arena.cpp:168), pid=22664, tid=4952
#
# JRE version: OpenJDK Runtime Environment Temurin-21.0.10+7 (21.0.10+7) (build 21.0.10+7-LTS)
# Java VM: OpenJDK 64-Bit Server VM Temurin-21.0.10+7 (21.0.10+7-LTS, mixed mode, sharing, tiered, compressed oops, compressed class ptrs, parallel gc, windows-amd64)
# No core dump will be written. Minidumps are not enabled by default on client versions of Windows
#

---------------  S U M M A R Y ------------

Command Line: --add-modules=ALL-SYSTEM --add-opens=java.base/java.util=ALL-UNNAMED --add-opens=java.base/java.lang=ALL-UNNAMED --add-opens=java.base/sun.nio.fs=ALL-UNNAMED -Declipse.application=org.eclipse.jdt.ls.core.id1 -Dosgi.bundles.defaultStartLevel=4 -Declipse.product=org.eclipse.jdt.ls.core.product -Djava.import.generatesMetadataFilesAtProjectRoot=false -DDetectVMInstallationsJob.disabled=true -Dfile.encoding=utf8 -XX:+UseParallelGC -XX:GCTimeRatio=4 -XX:AdaptiveSizePolicyWeight=90 -Dsun.zip.disableMemoryMapping=true -Xmx2G -Xms100m -Xlog:disable -javaagent:c:\Users\ZUZUKA\.antigravity-ide\extensions\redhat.java-1.54.0-win32-x64\lombok\lombok-1.18.39-4050.jar -XX:+HeapDumpOnOutOfMemoryError -XX:HeapDumpPath=c:\Users\ZUZUKA\AppData\Roaming\Antigravity IDE\User\workspaceStorage\9f45ee45d688502c1173f9d40e8d91a6\redhat.java -Daether.dependencyCollector.impl=bf c:\Users\ZUZUKA\.antigravity-ide\extensions\redhat.java-1.54.0-win32-x64\server\plugins\org.eclipse.equinox.launcher_1.7.100.v20251111-0406.jar -configuration c:\Users\ZUZUKA\AppData\Roaming\Antigravity IDE\User\globalStorage\redhat.java\1.54.0\config_win -data c:\Users\ZUZUKA\AppData\Roaming\Antigravity IDE\User\workspaceStorage\9f45ee45d688502c1173f9d40e8d91a6\redhat.java\jdt_ws --pipe=\\.\pipe\lsp-9acb98293f83a2f8d0fb4d83e7142072-sock

Host: AMD Ryzen 7 5700U with Radeon Graphics         , 16 cores, 5G,  Windows 11 , 64 bit Build 26100 (10.0.26100.8521)
Time: Thu Jun 18 11:09:18 2026 Hora est. Pacífico, Sudamérica elapsed time: 2615.545709 seconds (0d 0h 43m 35s)

---------------  T H R E A D  ---------------

Current thread (0x000001ff56a1adb0):  JavaThread "C2 CompilerThread1" daemon [_thread_in_native, id=4952, stack(0x0000004e1b500000,0x0000004e1b600000) (1024K)]


Current CompileTask:
C2:2615545 26706 % !   4       org.eclipse.jdt.internal.core.NameLookup::<init> @ 173 (805 bytes)

Stack: [0x0000004e1b500000,0x0000004e1b600000]
Native frames: (J=compiled Java code, j=interpreted, Vv=VM code, C=native code)
V  [jvm.dll+0x6d7a39]
V  [jvm.dll+0x8b4b26]
V  [jvm.dll+0x8b70de]
V  [jvm.dll+0x8b77c3]
V  [jvm.dll+0x284346]
V  [jvm.dll+0xc66ed]
V  [jvm.dll+0xc6c31]
V  [jvm.dll+0x3bec3b]
V  [jvm.dll+0x38b162]
V  [jvm.dll+0x38a5aa]
V  [jvm.dll+0x24c560]
V  [jvm.dll+0x24bb40]
V  [jvm.dll+0x1cb34e]
V  [jvm.dll+0x25b85d]
V  [jvm.dll+0x259dea]
V  [jvm.dll+0x3f857e]
V  [jvm.dll+0x85f59d]
V  [jvm.dll+0x6d626d]
C  [ucrtbase.dll+0x2cd30]
C  [KERNEL32.DLL+0x2e957]
C  [ntdll.dll+0x87c1c]


---------------  P R O C E S S  ---------------

Threads class SMR info:
_java_thread_list=0x000001ff59408160, length=59, elements={
0x000001ff7662e0d0, 0x000001ff765dce10, 0x000001ff766d2fc0, 0x000001ff766d7120,
0x000001ff766d7b80, 0x000001ff766d9440, 0x000001ff766dcf90, 0x000001ff7f394f70,
0x000001ff7f39b1c0, 0x000001ff766dbbe0, 0x000001ff766dc270, 0x000001ff5583a230,
0x000001ff558387f0, 0x000001ff5583af50, 0x000001ff55838e80, 0x000001ff5583a8c0,
0x000001ff5583d6b0, 0x000001ff5583d020, 0x000001ff56d150d0, 0x000001ff56d18550,
0x000001ff56d171a0, 0x000001ff56d15760, 0x000001ff56d19270, 0x000001ff56d19f90,
0x000001ff56d17830, 0x000001ff56d1a620, 0x000001ff56d19900, 0x000001ff56d1acb0,
0x000001ff56d17ec0, 0x000001ff56d1b340, 0x000001ff56d1c060, 0x000001ff56d1c6f0,
0x000001ff56d1b9d0, 0x000001ff55839510, 0x000001ff55839ba0, 0x000001ff5583b5e0,
0x000001ff55838160, 0x000001ff5583bc70, 0x000001ff5583dd40, 0x000001ff5583f0f0,
0x000001ff57b77830, 0x000001ff66087c70, 0x000001ff57b77ec0, 0x000001ff57b78be0,
0x000001ff57b75760, 0x000001ff57b79270, 0x000001ff57b75df0, 0x000001ff57b79900,
0x000001ff57b76480, 0x000001ff57b7b340, 0x000001ff57b7b9d0, 0x000001ff57b79f90,
0x000001ff57ec6f60, 0x000001ff57ec96c0, 0x000001ff57ec6240, 0x000001ff57ec9d50,
0x000001ff57ecc4b0, 0x000001ff57ecaa70, 0x000001ff56a1adb0
}

Java Threads: ( => current thread )
  0x000001ff7662e0d0 JavaThread "main"                              [_thread_blocked, id=18724, stack(0x0000004e1b800000,0x0000004e1b900000) (1024K)]
  0x000001ff765dce10 JavaThread "Reference Handler"          daemon [_thread_blocked, id=18824, stack(0x0000004e1bc00000,0x0000004e1bd00000) (1024K)]
  0x000001ff766d2fc0 JavaThread "Finalizer"                  daemon [_thread_blocked, id=23372, stack(0x0000004e1bd00000,0x0000004e1be00000) (1024K)]
  0x000001ff766d7120 JavaThread "Signal Dispatcher"          daemon [_thread_blocked, id=22952, stack(0x0000004e1be00000,0x0000004e1bf00000) (1024K)]
  0x000001ff766d7b80 JavaThread "Attach Listener"            daemon [_thread_blocked, id=22944, stack(0x0000004e1bf00000,0x0000004e1c000000) (1024K)]
  0x000001ff766d9440 JavaThread "Service Thread"             daemon [_thread_blocked, id=2764, stack(0x0000004e1c000000,0x0000004e1c100000) (1024K)]
  0x000001ff766dcf90 JavaThread "Monitor Deflation Thread"   daemon [_thread_blocked, id=13116, stack(0x0000004e1c100000,0x0000004e1c200000) (1024K)]
  0x000001ff7f394f70 JavaThread "C2 CompilerThread0"         daemon [_thread_in_native, id=1744, stack(0x0000004e1c200000,0x0000004e1c300000) (1024K)]
  0x000001ff7f39b1c0 JavaThread "C1 CompilerThread0"         daemon [_thread_blocked, id=3448, stack(0x0000004e1c300000,0x0000004e1c400000) (1024K)]
  0x000001ff766dbbe0 JavaThread "Common-Cleaner"             daemon [_thread_blocked, id=11448, stack(0x0000004e1c600000,0x0000004e1c700000) (1024K)]
  0x000001ff766dc270 JavaThread "Notification Thread"        daemon [_thread_blocked, id=2848, stack(0x0000004e1c900000,0x0000004e1ca00000) (1024K)]
  0x000001ff5583a230 JavaThread "Active Thread: Equinox Container: 5607b286-be3f-42c6-bda8-776396b7d1b4"        [_thread_blocked, id=19156, stack(0x0000004e1d600000,0x0000004e1d700000) (1024K)]
  0x000001ff558387f0 JavaThread "Framework Event Dispatcher: Equinox Container: 5607b286-be3f-42c6-bda8-776396b7d1b4" daemon [_thread_blocked, id=2876, stack(0x0000004e1d800000,0x0000004e1d900000) (1024K)]
  0x000001ff5583af50 JavaThread "Start Level: Equinox Container: 5607b286-be3f-42c6-bda8-776396b7d1b4" daemon [_thread_blocked, id=21792, stack(0x0000004e1d900000,0x0000004e1da00000) (1024K)]
  0x000001ff55838e80 JavaThread "Bundle File Closer"         daemon [_thread_blocked, id=9800, stack(0x0000004e1da00000,0x0000004e1db00000) (1024K)]
  0x000001ff5583a8c0 JavaThread "Refresh Thread: Equinox Container: 5607b286-be3f-42c6-bda8-776396b7d1b4" daemon [_thread_blocked, id=2220, stack(0x0000004e1db00000,0x0000004e1dc00000) (1024K)]
  0x000001ff5583d6b0 JavaThread "SCR Component Actor"        daemon [_thread_blocked, id=20380, stack(0x0000004e1c800000,0x0000004e1c900000) (1024K)]
  0x000001ff5583d020 JavaThread "Worker-JM"                         [_thread_blocked, id=12744, stack(0x0000004e1ec00000,0x0000004e1ed00000) (1024K)]
  0x000001ff56d150d0 JavaThread "Java indexing"              daemon [_thread_blocked, id=13428, stack(0x0000004e1ef00000,0x0000004e1f000000) (1024K)]
  0x000001ff56d18550 JavaThread "JNA Cleaner"                daemon [_thread_blocked, id=20120, stack(0x0000004e1d100000,0x0000004e1d200000) (1024K)]
  0x000001ff56d171a0 JavaThread "Thread-1"                   daemon [_thread_in_native, id=22144, stack(0x0000004e1de00000,0x0000004e1df00000) (1024K)]
  0x000001ff56d15760 JavaThread "Thread-2"                   daemon [_thread_in_native, id=22024, stack(0x0000004e1df00000,0x0000004e1e000000) (1024K)]
  0x000001ff56d19270 JavaThread "Thread-3"                   daemon [_thread_in_native, id=13020, stack(0x0000004e1e000000,0x0000004e1e100000) (1024K)]
  0x000001ff56d19f90 JavaThread "Thread-4"                   daemon [_thread_in_native, id=13424, stack(0x0000004e1e100000,0x0000004e1e200000) (1024K)]
  0x000001ff56d17830 JavaThread "Thread-5"                   daemon [_thread_in_native, id=22616, stack(0x0000004e1e200000,0x0000004e1e300000) (1024K)]
  0x000001ff56d1a620 JavaThread "Thread-6"                   daemon [_thread_in_native, id=10796, stack(0x0000004e1e300000,0x0000004e1e400000) (1024K)]
  0x000001ff56d19900 JavaThread "Thread-7"                   daemon [_thread_in_native, id=1072, stack(0x0000004e1e400000,0x0000004e1e500000) (1024K)]
  0x000001ff56d1acb0 JavaThread "Thread-8"                   daemon [_thread_in_native, id=5900, stack(0x0000004e1e500000,0x0000004e1e600000) (1024K)]
  0x000001ff56d17ec0 JavaThread "Thread-9"                   daemon [_thread_in_native, id=18496, stack(0x0000004e1f000000,0x0000004e1f100000) (1024K)]
  0x000001ff56d1b340 JavaThread "Thread-10"                  daemon [_thread_in_native, id=8748, stack(0x0000004e1f100000,0x0000004e1f200000) (1024K)]
  0x000001ff56d1c060 JavaThread "Thread-11"                  daemon [_thread_in_native, id=19808, stack(0x0000004e1f200000,0x0000004e1f300000) (1024K)]
  0x000001ff56d1c6f0 JavaThread "Thread-12"                  daemon [_thread_in_native, id=22848, stack(0x0000004e1f300000,0x0000004e1f400000) (1024K)]
  0x000001ff56d1b9d0 JavaThread "Thread-13"                  daemon [_thread_in_native, id=20520, stack(0x0000004e1f400000,0x0000004e1f500000) (1024K)]
  0x000001ff55839510 JavaThread "Thread-14"                  daemon [_thread_in_native, id=9404, stack(0x0000004e1f500000,0x0000004e1f600000) (1024K)]
  0x000001ff55839ba0 JavaThread "Thread-15"                  daemon [_thread_in_native, id=15724, stack(0x0000004e1f600000,0x0000004e1f700000) (1024K)]
  0x000001ff5583b5e0 JavaThread "Thread-16"                  daemon [_thread_in_native, id=21820, stack(0x0000004e1f700000,0x0000004e1f800000) (1024K)]
  0x000001ff55838160 JavaThread "Thread-17"                  daemon [_thread_in_native, id=22368, stack(0x0000004e1f800000,0x0000004e1f900000) (1024K)]
  0x000001ff5583bc70 JavaThread "pool-2-thread-1"                   [_thread_blocked, id=4852, stack(0x0000004e1f900000,0x0000004e1fa00000) (1024K)]
  0x000001ff5583dd40 JavaThread "WorkspaceEventsHandler"            [_thread_blocked, id=12236, stack(0x0000004e1fb00000,0x0000004e1fc00000) (1024K)]
  0x000001ff5583f0f0 JavaThread "pool-1-thread-1"                   [_thread_blocked, id=11940, stack(0x0000004e1fc00000,0x0000004e1fd00000) (1024K)]
  0x000001ff57b77830 JavaThread "Cleaner-0"                  daemon [_thread_blocked, id=8800, stack(0x0000004e1e900000,0x0000004e1ea00000) (1024K)]
  0x000001ff66087c70 JavaThread "Compiler Source File Reader" daemon [_thread_blocked, id=23124, stack(0x0000004e1ed00000,0x0000004e1ee00000) (1024K)]
  0x000001ff57b77ec0 JavaThread "ForkJoinPool.commonPool-worker-25" daemon [_thread_blocked, id=5044, stack(0x0000004e20600000,0x0000004e20700000) (1024K)]
  0x000001ff57b78be0 JavaThread "ForkJoinPool.commonPool-worker-27" daemon [_thread_blocked, id=14324, stack(0x0000004e20700000,0x0000004e20800000) (1024K)]
  0x000001ff57b75760 JavaThread "ForkJoinPool.commonPool-worker-28" daemon [_thread_blocked, id=9452, stack(0x0000004e20800000,0x0000004e20900000) (1024K)]
  0x000001ff57b79270 JavaThread "ForkJoinPool.commonPool-worker-30" daemon [_thread_blocked, id=2184, stack(0x0000004e20b00000,0x0000004e20c00000) (1024K)]
  0x000001ff57b75df0 JavaThread "ForkJoinPool.commonPool-worker-29" daemon [_thread_blocked, id=15284, stack(0x0000004e20c00000,0x0000004e20d00000) (1024K)]
  0x000001ff57b79900 JavaThread "ForkJoinPool.commonPool-worker-31" daemon [_thread_blocked, id=14548, stack(0x0000004e20d00000,0x0000004e20e00000) (1024K)]
  0x000001ff57b76480 JavaThread "ForkJoinPool.commonPool-worker-32" daemon [_thread_blocked, id=9984, stack(0x0000004e20e00000,0x0000004e20f00000) (1024K)]
  0x000001ff57b7b340 JavaThread "ForkJoinPool.commonPool-worker-33" daemon [_thread_blocked, id=21464, stack(0x0000004e20f00000,0x0000004e21000000) (1024K)]
  0x000001ff57b7b9d0 JavaThread "ForkJoinPool.commonPool-worker-35" daemon [_thread_blocked, id=23400, stack(0x0000004e21100000,0x0000004e21200000) (1024K)]
  0x000001ff57b79f90 JavaThread "ForkJoinPool.commonPool-worker-37" daemon [_thread_blocked, id=12680, stack(0x0000004e21300000,0x0000004e21400000) (1024K)]
  0x000001ff57ec6f60 JavaThread "ForkJoinPool.commonPool-worker-39" daemon [_thread_blocked, id=22148, stack(0x0000004e21500000,0x0000004e21600000) (1024K)]
  0x000001ff57ec96c0 JavaThread "Compiler Source File Reader" daemon [_thread_blocked, id=5400, stack(0x0000004e1b700000,0x0000004e1b800000) (1024K)]
  0x000001ff57ec6240 JavaThread "Compiler Source File Reader" daemon [_thread_blocked, id=7560, stack(0x0000004e1d000000,0x0000004e1d100000) (1024K)]
  0x000001ff57ec9d50 JavaThread "Worker-17: Publish Diagnostics"        [_thread_in_Java, id=8824, stack(0x0000004e1d300000,0x0000004e1d400000) (1024K)]
  0x000001ff57ecc4b0 JavaThread "Compiler Source File Reader" daemon [_thread_blocked, id=456, stack(0x0000004e1d200000,0x0000004e1d300000) (1024K)]
  0x000001ff57ecaa70 JavaThread "Worker-18"                         [_thread_blocked, id=17112, stack(0x0000004e1dc00000,0x0000004e1dd00000) (1024K)]
=>0x000001ff56a1adb0 JavaThread "C2 CompilerThread1"         daemon [_thread_in_native, id=4952, stack(0x0000004e1b500000,0x0000004e1b600000) (1024K)]
Total: 59

Other Threads:
  0x000001ff765c4100 VMThread "VM Thread"                           [id=19792, stack(0x0000004e1bb00000,0x0000004e1bc00000) (1024K)]
  0x000001ff764bca00 WatcherThread "VM Periodic Task Thread"        [id=20100, stack(0x0000004e1ba00000,0x0000004e1bb00000) (1024K)]
  0x000001ff7664c470 WorkerThread "GC Thread#0"                     [id=10712, stack(0x0000004e1b900000,0x0000004e1ba00000) (1024K)]
  0x000001ff557f8550 WorkerThread "GC Thread#1"                     [id=20968, stack(0x0000004e1ca00000,0x0000004e1cb00000) (1024K)]
  0x000001ff559f8800 WorkerThread "GC Thread#2"                     [id=6772, stack(0x0000004e1cb00000,0x0000004e1cc00000) (1024K)]
  0x000001ff559f8bb0 WorkerThread "GC Thread#3"                     [id=16120, stack(0x0000004e1cc00000,0x0000004e1cd00000) (1024K)]
  0x000001ff5548a560 WorkerThread "GC Thread#4"                     [id=18972, stack(0x0000004e1cd00000,0x0000004e1ce00000) (1024K)]
  0x000001ff558db110 WorkerThread "GC Thread#5"                     [id=13232, stack(0x0000004e1ce00000,0x0000004e1cf00000) (1024K)]
  0x000001ff558dcae0 WorkerThread "GC Thread#6"                     [id=5696, stack(0x0000004e1cf00000,0x0000004e1d000000) (1024K)]
  0x000001ff558db4c0 WorkerThread "GC Thread#7"                     [id=9308, stack(0x0000004e1d700000,0x0000004e1d800000) (1024K)]
  0x000001ff558dc730 WorkerThread "GC Thread#8"                     [id=296, stack(0x0000004e1e600000,0x0000004e1e700000) (1024K)]
  0x000001ff558dc380 WorkerThread "GC Thread#9"                     [id=20220, stack(0x0000004e1c400000,0x0000004e1c500000) (1024K)]
  0x000001ff558dbc20 WorkerThread "GC Thread#10"                    [id=19708, stack(0x0000004e1c500000,0x0000004e1c600000) (1024K)]
  0x000001ff555bb570 WorkerThread "GC Thread#11"                    [id=10884, stack(0x0000004e1ea00000,0x0000004e1eb00000) (1024K)]
  0x000001ff555bc080 WorkerThread "GC Thread#12"                    [id=18832, stack(0x0000004e1eb00000,0x0000004e1ec00000) (1024K)]
Total: 15

Threads with active compile tasks:
C2 CompilerThread0  2615581 26721       4       org.eclipse.jdt.internal.compiler.lookup.CompilationUnitScope::checkAndRecordImportBinding (708 bytes)
C2 CompilerThread1  2615581 26706 % !   4       org.eclipse.jdt.internal.core.NameLookup::<init> @ 173 (805 bytes)
Total: 2

VM state: at safepoint (normal execution)

VM Mutex/Monitor currently owned by a thread:  ([mutex/lock_event])
[0x00007fffeedce560] Threads_lock - owner thread: 0x000001ff765c4100
[0x00007fffeedce660] Heap_lock - owner thread: 0x000001ff57ec9d50

Heap address: 0x0000000080000000, size: 2048 MB, Compressed Oops mode: 32-bit

CDS archive(s) mapped at: [0x000001ff0f000000-0x000001ff0fba0000-0x000001ff0fba0000), size 12189696, SharedBaseAddress: 0x000001ff0f000000, ArchiveRelocationMode: 1.
Compressed class space mapped at: 0x000001ff10000000-0x000001ff50000000, reserved size: 1073741824
Narrow klass base: 0x000001ff0f000000, Narrow klass shift: 0, Narrow klass range: 0x100000000

GC Precious Log:
 CardTable entry size: 512
 CPUs: 16 total, 16 available
 Memory: 6005M
 Large Page Support: Disabled
 NUMA Support: Disabled
 Compressed Oops: Enabled (32-bit)
 Alignments: Space 512K, Generation 512K, Heap 2M
 Heap Min Capacity: 100M
 Heap Initial Capacity: 100M
 Heap Max Capacity: 2G
 Pre-touch: Disabled
 Parallel Workers: 13

Heap:
 PSYoungGen      total 10240K, used 9514K [0x00000000d5580000, 0x00000000d6200000, 0x0000000100000000)
  eden space 8704K, 100% used [0x00000000d5580000,0x00000000d5e00000,0x00000000d5e00000)
  from space 1536K, 52% used [0x00000000d5e00000,0x00000000d5eca910,0x00000000d5f80000)
  to   space 1024K, 0% used [0x00000000d6100000,0x00000000d6100000,0x00000000d6200000)
 ParOldGen       total 1073664K, used 1073477K [0x0000000080000000, 0x00000000c1880000, 0x00000000d5580000)
  object space 1073664K, 99% used [0x0000000080000000,0x00000000c1851778,0x00000000c1880000)
 Metaspace       used 93898K, committed 95680K, reserved 1179648K
  class space    used 9340K, committed 10176K, reserved 1048576K

Card table byte_map: [0x000001ff75fd0000,0x000001ff763e0000] _byte_map_base: 0x000001ff75bd0000

Marking Bits: (ParMarkBitMap*) 0x00007fffeedd3450
 Begin Bits: [0x000001ff79ae0000, 0x000001ff7bae0000)
 End Bits:   [0x000001ff7bae0000, 0x000001ff7dae0000)

Polling page: 0x000001ff743e0000

Metaspace:

Usage:
  Non-class:     82.58 MB used.
      Class:      9.12 MB used.
       Both:     91.70 MB used.

Virtual space:
  Non-class space:      128.00 MB reserved,      83.50 MB ( 65%) committed,  2 nodes.
      Class space:        1.00 GB reserved,       9.94 MB ( <1%) committed,  1 nodes.
             Both:        1.12 GB reserved,      93.44 MB (  8%) committed. 

Chunk freelists:
   Non-Class:  11.82 MB
       Class:  6.16 MB
        Both:  17.98 MB

MaxMetaspaceSize: unlimited
CompressedClassSpaceSize: 1.00 GB
Initial GC threshold: 21.00 MB
Current GC threshold: 154.38 MB
CDS: on
 - commit_granule_bytes: 65536.
 - commit_granule_words: 8192.
 - virtual_space_node_default_size: 8388608.
 - enlarge_chunks_in_place: 1.
 - use_allocation_guard: 0.


Internal statistics:

num_allocs_failed_limit: 9.
num_arena_births: 1770.
num_arena_deaths: 342.
num_vsnodes_births: 3.
num_vsnodes_deaths: 0.
num_space_committed: 1495.
num_space_uncommitted: 0.
num_chunks_returned_to_freelist: 401.
num_chunks_taken_from_freelist: 6452.
num_chunk_merges: 96.
num_chunk_splits: 3730.
num_chunks_enlarged: 2072.
num_inconsistent_stats: 0.

CodeHeap 'non-profiled nmethods': size=119168Kb used=20386Kb max_used=22860Kb free=98781Kb
 bounds [0x000001ff07ba0000, 0x000001ff09200000, 0x000001ff0f000000]
CodeHeap 'profiled nmethods': size=119104Kb used=41684Kb max_used=50016Kb free=77419Kb
 bounds [0x000001ff00000000, 0x000001ff030e0000, 0x000001ff07450000]
CodeHeap 'non-nmethods': size=7488Kb used=1533Kb max_used=3304Kb free=5955Kb
 bounds [0x000001ff07450000, 0x000001ff077b0000, 0x000001ff07ba0000]
CodeCache: size=245760Kb, used=63603Kb, max_used=76180Kb, free=182155Kb
 total_blobs=18752, nmethods=17895, adapters=756, full_count=0
Compilation: enabled, stopped_count=0, restarted_count=0

Compilation events (20 events):
Event: 2614.380 Thread 0x000001ff7f39b1c0 nmethod 26709 0x000001ff028fa810 code [0x000001ff028fa9e0, 0x000001ff028fae20]
Event: 2614.448 Thread 0x000001ff7f39b1c0 26712       3       org.eclipse.jdt.internal.compiler.lookup.WildcardBinding::collectInferenceVariables (57 bytes)
Event: 2614.449 Thread 0x000001ff7f39b1c0 nmethod 26712 0x000001ff024d5710 code [0x000001ff024d58e0, 0x000001ff024d5ce0]
Event: 2614.449 Thread 0x000001ff7f39b1c0 26713       3       org.eclipse.jdt.internal.compiler.lookup.TypeBinding::findSuperTypeOriginatingFrom (417 bytes)
Event: 2614.452 Thread 0x000001ff7f39b1c0 nmethod 26713 0x000001ff00980f10 code [0x000001ff009812a0, 0x000001ff00982fa8]
Event: 2614.453 Thread 0x000001ff7f39b1c0 26714       3       org.eclipse.jdt.internal.core.JavaModelStatus::<init> (14 bytes)
Event: 2614.453 Thread 0x000001ff7f39b1c0 nmethod 26714 0x000001ff02524310 code [0x000001ff025244c0, 0x000001ff025247e0]
Event: 2614.462 Thread 0x000001ff7f394f70 nmethod 26683 0x000001ff08b20910 code [0x000001ff08b20fc0, 0x000001ff08b249f0]
Event: 2614.463 Thread 0x000001ff7f394f70 26710       4       org.eclipse.jdt.internal.compiler.codegen.CodeStream::aload_0 (99 bytes)
Event: 2614.472 Thread 0x000001ff7f394f70 nmethod 26710 0x000001ff08d16110 code [0x000001ff08d16300, 0x000001ff08d168d8]
Event: 2614.472 Thread 0x000001ff7f394f70 26684       4       org.eclipse.core.internal.resources.Resource::checkLocal (38 bytes)
Event: 2614.473 Thread 0x000001ff7f394f70 nmethod 26684 0x000001ff088abe90 code [0x000001ff088ac020, 0x000001ff088ac0e8]
Event: 2614.473 Thread 0x000001ff7f394f70 26711       4       sun.reflect.generics.parser.SignatureParser::parseFieldTypeSignature (73 bytes)
Event: 2614.493 Thread 0x000001ff7f394f70 nmethod 26711 0x000001ff0871b110 code [0x000001ff0871b3c0, 0x000001ff0871bf08]
Event: 2614.493 Thread 0x000001ff7f394f70 26638       4       org.eclipse.jdt.internal.core.SourceRefElement::getAnnotations (13 bytes)
Event: 2614.520 Thread 0x000001ff7f394f70 nmethod 26638 0x000001ff08719610 code [0x000001ff08719980, 0x000001ff0871a708]
Event: 2614.520 Thread 0x000001ff7f394f70 26641       4       org.eclipse.jdt.internal.compiler.parser.Parser::goForCompilationUnit (24 bytes)
Event: 2614.521 Thread 0x000001ff7f394f70 nmethod 26641 0x000001ff08b20610 code [0x000001ff08b207a0, 0x000001ff08b20868]
Event: 2614.524 Thread 0x000001ff7f39b1c0 26715   !   3       org.eclipse.jdt.internal.core.JavaProject::getResolvedClasspath (169 bytes)
Event: 2614.528 Thread 0x000001ff7f39b1c0 nmethod 26715 0x000001ff01dc7b90 code [0x000001ff01dc7f00, 0x000001ff01dc99a8]

GC Heap History (20 events):
Event: 2613.234 GC heap after
{Heap after GC invocations=3199 (full 7):
 PSYoungGen      total 6656K, used 640K [0x00000000d5580000, 0x00000000d5e00000, 0x0000000100000000)
  eden space 5632K, 0% used [0x00000000d5580000,0x00000000d5580000,0x00000000d5b00000)
  from space 1024K, 62% used [0x00000000d5d00000,0x00000000d5da0020,0x00000000d5e00000)
  to   space 1024K, 0% used [0x00000000d5b00000,0x00000000d5b00000,0x00000000d5c00000)
 ParOldGen       total 1065984K, used 1065893K [0x0000000080000000, 0x00000000c1100000, 0x00000000d5580000)
  object space 1065984K, 99% used [0x0000000080000000,0x00000000c10e97b8,0x00000000c1100000)
 Metaspace       used 93886K, committed 95680K, reserved 1179648K
  class space    used 9340K, committed 10176K, reserved 1048576K
}
Event: 2613.250 GC heap before
{Heap before GC invocations=3200 (full 7):
 PSYoungGen      total 6656K, used 6272K [0x00000000d5580000, 0x00000000d5e00000, 0x0000000100000000)
  eden space 5632K, 100% used [0x00000000d5580000,0x00000000d5b00000,0x00000000d5b00000)
  from space 1024K, 62% used [0x00000000d5d00000,0x00000000d5da0020,0x00000000d5e00000)
  to   space 1024K, 0% used [0x00000000d5b00000,0x00000000d5b00000,0x00000000d5c00000)
 ParOldGen       total 1065984K, used 1065893K [0x0000000080000000, 0x00000000c1100000, 0x00000000d5580000)
  object space 1065984K, 99% used [0x0000000080000000,0x00000000c10e97b8,0x00000000c1100000)
 Metaspace       used 93886K, committed 95680K, reserved 1179648K
  class space    used 9340K, committed 10176K, reserved 1048576K
}
Event: 2614.256 GC heap after
{Heap after GC invocations=3200 (full 7):
 PSYoungGen      total 6656K, used 868K [0x00000000d5580000, 0x00000000d5e80000, 0x0000000100000000)
  eden space 5632K, 0% used [0x00000000d5580000,0x00000000d5580000,0x00000000d5b00000)
  from space 1024K, 84% used [0x00000000d5b00000,0x00000000d5bd9210,0x00000000d5c00000)
  to   space 1024K, 0% used [0x00000000d5d80000,0x00000000d5d80000,0x00000000d5e80000)
 ParOldGen       total 1066496K, used 1066387K [0x0000000080000000, 0x00000000c1180000, 0x00000000d5580000)
  object space 1066496K, 99% used [0x0000000080000000,0x00000000c1164dd0,0x00000000c1180000)
 Metaspace       used 93886K, committed 95680K, reserved 1179648K
  class space    used 9340K, committed 10176K, reserved 1048576K
}
Event: 2614.270 GC heap before
{Heap before GC invocations=3201 (full 7):
 PSYoungGen      total 6656K, used 6500K [0x00000000d5580000, 0x00000000d5e80000, 0x0000000100000000)
  eden space 5632K, 100% used [0x00000000d5580000,0x00000000d5b00000,0x00000000d5b00000)
  from space 1024K, 84% used [0x00000000d5b00000,0x00000000d5bd9210,0x00000000d5c00000)
  to   space 1024K, 0% used [0x00000000d5d80000,0x00000000d5d80000,0x00000000d5e80000)
 ParOldGen       total 1066496K, used 1066387K [0x0000000080000000, 0x00000000c1180000, 0x00000000d5580000)
  object space 1066496K, 99% used [0x0000000080000000,0x00000000c1164dd0,0x00000000c1180000)
 Metaspace       used 93889K, committed 95680K, reserved 1179648K
  class space    used 9340K, committed 10176K, reserved 1048576K
}
Event: 2614.274 GC heap after
{Heap after GC invocations=3201 (full 7):
 PSYoungGen      total 7168K, used 996K [0x00000000d5580000, 0x00000000d6080000, 0x0000000100000000)
  eden space 6144K, 0% used [0x00000000d5580000,0x00000000d5580000,0x00000000d5b80000)
  from space 1024K, 97% used [0x00000000d5d80000,0x00000000d5e79210,0x00000000d5e80000)
  to   space 2048K, 0% used [0x00000000d5b80000,0x00000000d5b80000,0x00000000d5d80000)
 ParOldGen       total 1067520K, used 1067085K [0x0000000080000000, 0x00000000c1280000, 0x00000000d5580000)
  object space 1067520K, 99% used [0x0000000080000000,0x00000000c1213780,0x00000000c1280000)
 Metaspace       used 93889K, committed 95680K, reserved 1179648K
  class space    used 9340K, committed 10176K, reserved 1048576K
}
Event: 2614.290 GC heap before
{Heap before GC invocations=3202 (full 7):
 PSYoungGen      total 7168K, used 7140K [0x00000000d5580000, 0x00000000d6080000, 0x0000000100000000)
  eden space 6144K, 100% used [0x00000000d5580000,0x00000000d5b80000,0x00000000d5b80000)
  from space 1024K, 97% used [0x00000000d5d80000,0x00000000d5e79210,0x00000000d5e80000)
  to   space 2048K, 0% used [0x00000000d5b80000,0x00000000d5b80000,0x00000000d5d80000)
 ParOldGen       total 1067520K, used 1067085K [0x0000000080000000, 0x00000000c1280000, 0x00000000d5580000)
  object space 1067520K, 99% used [0x0000000080000000,0x00000000c1213780,0x00000000c1280000)
 Metaspace       used 93890K, committed 95680K, reserved 1179648K
  class space    used 9340K, committed 10176K, reserved 1048576K
}
Event: 2614.296 GC heap after
{Heap after GC invocations=3202 (full 7):
 PSYoungGen      total 8192K, used 944K [0x00000000d5580000, 0x00000000d6000000, 0x0000000100000000)
  eden space 6144K, 0% used [0x00000000d5580000,0x00000000d5580000,0x00000000d5b80000)
  from space 2048K, 46% used [0x00000000d5b80000,0x00000000d5c6c010,0x00000000d5d80000)
  to   space 1536K, 0% used [0x00000000d5e80000,0x00000000d5e80000,0x00000000d6000000)
 ParOldGen       total 1068032K, used 1067881K [0x0000000080000000, 0x00000000c1300000, 0x00000000d5580000)
  object space 1068032K, 99% used [0x0000000080000000,0x00000000c12da7c0,0x00000000c1300000)
 Metaspace       used 93890K, committed 95680K, reserved 1179648K
  class space    used 9340K, committed 10176K, reserved 1048576K
}
Event: 2614.326 GC heap before
{Heap before GC invocations=3203 (full 7):
 PSYoungGen      total 8192K, used 7088K [0x00000000d5580000, 0x00000000d6000000, 0x0000000100000000)
  eden space 6144K, 100% used [0x00000000d5580000,0x00000000d5b80000,0x00000000d5b80000)
  from space 2048K, 46% used [0x00000000d5b80000,0x00000000d5c6c010,0x00000000d5d80000)
  to   space 1536K, 0% used [0x00000000d5e80000,0x00000000d5e80000,0x00000000d6000000)
 ParOldGen       total 1068032K, used 1067881K [0x0000000080000000, 0x00000000c1300000, 0x00000000d5580000)
  object space 1068032K, 99% used [0x0000000080000000,0x00000000c12da7c0,0x00000000c1300000)
 Metaspace       used 93897K, committed 95680K, reserved 1179648K
  class space    used 9340K, committed 10176K, reserved 1048576K
}
Event: 2614.330 GC heap after
{Heap after GC invocations=3203 (full 7):
 PSYoungGen      total 9216K, used 1076K [0x00000000d5580000, 0x00000000d6000000, 0x0000000100000000)
  eden space 7680K, 0% used [0x00000000d5580000,0x00000000d5580000,0x00000000d5d00000)
  from space 1536K, 70% used [0x00000000d5e80000,0x00000000d5f8d200,0x00000000d6000000)
  to   space 1536K, 0% used [0x00000000d5d00000,0x00000000d5d00000,0x00000000d5e80000)
 ParOldGen       total 1069056K, used 1068641K [0x0000000080000000, 0x00000000c1400000, 0x00000000d5580000)
  object space 1069056K, 99% used [0x0000000080000000,0x00000000c13987f0,0x00000000c1400000)
 Metaspace       used 93897K, committed 95680K, reserved 1179648K
  class space    used 9340K, committed 10176K, reserved 1048576K
}
Event: 2614.376 GC heap before
{Heap before GC invocations=3204 (full 7):
 PSYoungGen      total 9216K, used 8756K [0x00000000d5580000, 0x00000000d6000000, 0x0000000100000000)
  eden space 7680K, 100% used [0x00000000d5580000,0x00000000d5d00000,0x00000000d5d00000)
  from space 1536K, 70% used [0x00000000d5e80000,0x00000000d5f8d200,0x00000000d6000000)
  to   space 1536K, 0% used [0x00000000d5d00000,0x00000000d5d00000,0x00000000d5e80000)
 ParOldGen       total 1069056K, used 1068641K [0x0000000080000000, 0x00000000c1400000, 0x00000000d5580000)
  object space 1069056K, 99% used [0x0000000080000000,0x00000000c13987f0,0x00000000c1400000)
 Metaspace       used 93897K, committed 95680K, reserved 1179648K
  class space    used 9340K, committed 10176K, reserved 1048576K
}
Event: 2614.379 GC heap after
{Heap after GC invocations=3204 (full 7):
 PSYoungGen      total 9216K, used 436K [0x00000000d5580000, 0x00000000d6080000, 0x0000000100000000)
  eden space 7680K, 0% used [0x00000000d5580000,0x00000000d5580000,0x00000000d5d00000)
  from space 1536K, 28% used [0x00000000d5d00000,0x00000000d5d6d200,0x00000000d5e80000)
  to   space 1024K, 0% used [0x00000000d5f80000,0x00000000d5f80000,0x00000000d6080000)
 ParOldGen       total 1069056K, used 1068799K [0x0000000080000000, 0x00000000c1400000, 0x00000000d5580000)
  object space 1069056K, 99% used [0x0000000080000000,0x00000000c13bff10,0x00000000c1400000)
 Metaspace       used 93897K, committed 95680K, reserved 1179648K
  class space    used 9340K, committed 10176K, reserved 1048576K
}
Event: 2614.398 GC heap before
{Heap before GC invocations=3205 (full 7):
 PSYoungGen      total 9216K, used 8116K [0x00000000d5580000, 0x00000000d6080000, 0x0000000100000000)
  eden space 7680K, 100% used [0x00000000d5580000,0x00000000d5d00000,0x00000000d5d00000)
  from space 1536K, 28% used [0x00000000d5d00000,0x00000000d5d6d200,0x00000000d5e80000)
  to   space 1024K, 0% used [0x00000000d5f80000,0x00000000d5f80000,0x00000000d6080000)
 ParOldGen       total 1069056K, used 1068799K [0x0000000080000000, 0x00000000c1400000, 0x00000000d5580000)
  object space 1069056K, 99% used [0x0000000080000000,0x00000000c13bff10,0x00000000c1400000)
 Metaspace       used 93897K, committed 95680K, reserved 1179648K
  class space    used 9340K, committed 10176K, reserved 1048576K
}
Event: 2614.401 GC heap after
{Heap after GC invocations=3205 (full 7):
 PSYoungGen      total 9728K, used 1008K [0x00000000d5580000, 0x00000000d6180000, 0x0000000100000000)
  eden space 8704K, 0% used [0x00000000d5580000,0x00000000d5580000,0x00000000d5e00000)
  from space 1024K, 98% used [0x00000000d5f80000,0x00000000d607c010,0x00000000d6080000)
  to   space 1536K, 0% used [0x00000000d5e00000,0x00000000d5e00000,0x00000000d5f80000)
 ParOldGen       total 1069056K, used 1068956K [0x0000000080000000, 0x00000000c1400000, 0x00000000d5580000)
  object space 1069056K, 99% used [0x0000000080000000,0x00000000c13e7110,0x00000000c1400000)
 Metaspace       used 93897K, committed 95680K, reserved 1179648K
  class space    used 9340K, committed 10176K, reserved 1048576K
}
Event: 2614.435 GC heap before
{Heap before GC invocations=3206 (full 7):
 PSYoungGen      total 9728K, used 9712K [0x00000000d5580000, 0x00000000d6180000, 0x0000000100000000)
  eden space 8704K, 100% used [0x00000000d5580000,0x00000000d5e00000,0x00000000d5e00000)
  from space 1024K, 98% used [0x00000000d5f80000,0x00000000d607c010,0x00000000d6080000)
  to   space 1536K, 0% used [0x00000000d5e00000,0x00000000d5e00000,0x00000000d5f80000)
 ParOldGen       total 1069056K, used 1068956K [0x0000000080000000, 0x00000000c1400000, 0x00000000d5580000)
  object space 1069056K, 99% used [0x0000000080000000,0x00000000c13e7110,0x00000000c1400000)
 Metaspace       used 93897K, committed 95680K, reserved 1179648K
  class space    used 9340K, committed 10176K, reserved 1048576K
}
Event: 2614.439 GC heap after
{Heap after GC invocations=3206 (full 7):
 PSYoungGen      total 10240K, used 1284K [0x00000000d5580000, 0x00000000d6100000, 0x0000000100000000)
  eden space 8704K, 0% used [0x00000000d5580000,0x00000000d5580000,0x00000000d5e00000)
  from space 1536K, 83% used [0x00000000d5e00000,0x00000000d5f41210,0x00000000d5f80000)
  to   space 1536K, 0% used [0x00000000d5f80000,0x00000000d5f80000,0x00000000d6100000)
 ParOldGen       total 1070080K, used 1069821K [0x0000000080000000, 0x00000000c1500000, 0x00000000d5580000)
  object space 1070080K, 99% used [0x0000000080000000,0x00000000c14bf7c8,0x00000000c1500000)
 Metaspace       used 93897K, committed 95680K, reserved 1179648K
  class space    used 9340K, committed 10176K, reserved 1048576K
}
Event: 2614.464 GC heap before
{Heap before GC invocations=3207 (full 7):
 PSYoungGen      total 10240K, used 9988K [0x00000000d5580000, 0x00000000d6100000, 0x0000000100000000)
  eden space 8704K, 100% used [0x00000000d5580000,0x00000000d5e00000,0x00000000d5e00000)
  from space 1536K, 83% used [0x00000000d5e00000,0x00000000d5f41210,0x00000000d5f80000)
  to   space 1536K, 0% used [0x00000000d5f80000,0x00000000d5f80000,0x00000000d6100000)
 ParOldGen       total 1070080K, used 1069821K [0x0000000080000000, 0x00000000c1500000, 0x00000000d5580000)
  object space 1070080K, 99% used [0x0000000080000000,0x00000000c14bf7c8,0x00000000c1500000)
 Metaspace       used 93897K, committed 95680K, reserved 1179648K
  class space    used 9340K, committed 10176K, reserved 1048576K
}
Event: 2614.468 GC heap after
{Heap after GC invocations=3207 (full 7):
 PSYoungGen      total 10240K, used 1252K [0x00000000d5580000, 0x00000000d6100000, 0x0000000100000000)
  eden space 8704K, 0% used [0x00000000d5580000,0x00000000d5580000,0x00000000d5e00000)
  from space 1536K, 81% used [0x00000000d5f80000,0x00000000d60b9210,0x00000000d6100000)
  to   space 1536K, 0% used [0x00000000d5e00000,0x00000000d5e00000,0x00000000d5f80000)
 ParOldGen       total 1071104K, used 1070901K [0x0000000080000000, 0x00000000c1600000, 0x00000000d5580000)
  object space 1071104K, 99% used [0x0000000080000000,0x00000000c15cd750,0x00000000c1600000)
 Metaspace       used 93897K, committed 95680K, reserved 1179648K
  class space    used 9340K, committed 10176K, reserved 1048576K
}
Event: 2614.503 GC heap before
{Heap before GC invocations=3208 (full 7):
 PSYoungGen      total 10240K, used 9956K [0x00000000d5580000, 0x00000000d6100000, 0x0000000100000000)
  eden space 8704K, 100% used [0x00000000d5580000,0x00000000d5e00000,0x00000000d5e00000)
  from space 1536K, 81% used [0x00000000d5f80000,0x00000000d60b9210,0x00000000d6100000)
  to   space 1536K, 0% used [0x00000000d5e00000,0x00000000d5e00000,0x00000000d5f80000)
 ParOldGen       total 1071104K, used 1070901K [0x0000000080000000, 0x00000000c1600000, 0x00000000d5580000)
  object space 1071104K, 99% used [0x0000000080000000,0x00000000c15cd750,0x00000000c1600000)
 Metaspace       used 93897K, committed 95680K, reserved 1179648K
  class space    used 9340K, committed 10176K, reserved 1048576K
}
Event: 2614.507 GC heap after
{Heap after GC invocations=3208 (full 7):
 PSYoungGen      total 10240K, used 1380K [0x00000000d5580000, 0x00000000d6100000, 0x0000000100000000)
  eden space 8704K, 0% used [0x00000000d5580000,0x00000000d5580000,0x00000000d5e00000)
  from space 1536K, 89% used [0x00000000d5e00000,0x00000000d5f59210,0x00000000d5f80000)
  to   space 1536K, 0% used [0x00000000d5f80000,0x00000000d5f80000,0x00000000d6100000)
 ParOldGen       total 1072128K, used 1071895K [0x0000000080000000, 0x00000000c1700000, 0x00000000d5580000)
  object space 1072128K, 99% used [0x0000000080000000,0x00000000c16c5f58,0x00000000c1700000)
 Metaspace       used 93897K, committed 95680K, reserved 1179648K
  class space    used 9340K, committed 10176K, reserved 1048576K
}
Event: 2614.535 GC heap before
{Heap before GC invocations=3209 (full 7):
 PSYoungGen      total 10240K, used 10084K [0x00000000d5580000, 0x00000000d6100000, 0x0000000100000000)
  eden space 8704K, 100% used [0x00000000d5580000,0x00000000d5e00000,0x00000000d5e00000)
  from space 1536K, 89% used [0x00000000d5e00000,0x00000000d5f59210,0x00000000d5f80000)
  to   space 1536K, 0% used [0x00000000d5f80000,0x00000000d5f80000,0x00000000d6100000)
 ParOldGen       total 1072128K, used 1071895K [0x0000000080000000, 0x00000000c1700000, 0x00000000d5580000)
  object space 1072128K, 99% used [0x0000000080000000,0x00000000c16c5f58,0x00000000c1700000)
 Metaspace       used 93898K, committed 95680K, reserved 1179648K
  class space    used 9340K, committed 10176K, reserved 1048576K
}

Dll operation events (14 events):
Event: 0.018 Loaded shared library c:\Users\ZUZUKA\.antigravity-ide\extensions\redhat.java-1.54.0-win32-x64\jre\21.0.10-win32-x86_64\bin\java.dll
Event: 0.106 Loaded shared library c:\Users\ZUZUKA\.antigravity-ide\extensions\redhat.java-1.54.0-win32-x64\jre\21.0.10-win32-x86_64\bin\zip.dll
Event: 0.138 Loaded shared library C:\Users\ZUZUKA\.antigravity-ide\extensions\redhat.java-1.54.0-win32-x64\jre\21.0.10-win32-x86_64\bin\instrument.dll
Event: 0.144 Loaded shared library C:\Users\ZUZUKA\.antigravity-ide\extensions\redhat.java-1.54.0-win32-x64\jre\21.0.10-win32-x86_64\bin\net.dll
Event: 0.147 Loaded shared library C:\Users\ZUZUKA\.antigravity-ide\extensions\redhat.java-1.54.0-win32-x64\jre\21.0.10-win32-x86_64\bin\nio.dll
Event: 0.154 Loaded shared library C:\Users\ZUZUKA\.antigravity-ide\extensions\redhat.java-1.54.0-win32-x64\jre\21.0.10-win32-x86_64\bin\zip.dll
Event: 0.181 Loaded shared library C:\Users\ZUZUKA\.antigravity-ide\extensions\redhat.java-1.54.0-win32-x64\jre\21.0.10-win32-x86_64\bin\jimage.dll
Event: 0.307 Loaded shared library c:\Users\ZUZUKA\.antigravity-ide\extensions\redhat.java-1.54.0-win32-x64\jre\21.0.10-win32-x86_64\bin\verify.dll
Event: 2.551 Loaded shared library C:\Users\ZUZUKA\AppData\Roaming\Antigravity IDE\User\globalStorage\redhat.java\1.54.0\config_win\org.eclipse.equinox.launcher\org.eclipse.equinox.launcher.win32.win32.x86_64_1.3.0.v20260203-2149\eclipse_11919.dll
Event: 11.344 Loaded shared library C:\Users\ZUZUKA\.antigravity-ide\extensions\redhat.java-1.54.0-win32-x64\jre\21.0.10-win32-x86_64\bin\management.dll
Event: 11.347 Loaded shared library C:\Users\ZUZUKA\.antigravity-ide\extensions\redhat.java-1.54.0-win32-x64\jre\21.0.10-win32-x86_64\bin\management_ext.dll
Event: 12.917 Loaded shared library C:\Users\ZUZUKA\AppData\Local\Temp\jna--1637079156\jna10428348046364983309.dll
Event: 13.088 Loaded shared library C:\Users\ZUZUKA\.antigravity-ide\extensions\redhat.java-1.54.0-win32-x64\jre\21.0.10-win32-x86_64\bin\sunmscapi.dll
Event: 13.452 Loaded shared library C:\Users\ZUZUKA\.antigravity-ide\extensions\redhat.java-1.54.0-win32-x64\jre\21.0.10-win32-x86_64\bin\extnet.dll

Deoptimization events (20 events):
Event: 2610.221 Thread 0x000001ff57ec9d50 Uncommon trap: trap_request=0xffffff6e fr.pc=0x000001ff08adee78 relative=0x00000000000007b8
Event: 2610.221 Thread 0x000001ff57ec9d50 Uncommon trap: reason=loop_limit_check action=maybe_recompile pc=0x000001ff08adee78 method=org.eclipse.jdt.internal.compiler.SourceElementParser.checkComment()V @ 141 c2
Event: 2610.221 Thread 0x000001ff57ec9d50 DEOPT PACKING pc=0x000001ff08adee78 sp=0x0000004e1d3fd8b0
Event: 2610.221 Thread 0x000001ff57ec9d50 DEOPT UNPACKING pc=0x000001ff074a3aa2 sp=0x0000004e1d3fd818 mode 2
Event: 2610.236 Thread 0x000001ff57ec9d50 DEOPT PACKING pc=0x000001ff027624be sp=0x0000004e1d3fcfe0
Event: 2610.236 Thread 0x000001ff57ec9d50 DEOPT UNPACKING pc=0x000001ff074a4242 sp=0x0000004e1d3fc550 mode 0
Event: 2610.357 Thread 0x000001ff57ec9d50 DEOPT PACKING pc=0x000001ff0268b1d1 sp=0x0000004e1d3fdbf0
Event: 2610.358 Thread 0x000001ff57ec9d50 DEOPT UNPACKING pc=0x000001ff074a4242 sp=0x0000004e1d3fd090 mode 0
Event: 2610.393 Thread 0x000001ff57ec9d50 DEOPT PACKING pc=0x000001ff027857f1 sp=0x0000004e1d3fd080
Event: 2610.395 Thread 0x000001ff57ec9d50 DEOPT UNPACKING pc=0x000001ff074a4242 sp=0x0000004e1d3fc540 mode 0
Event: 2611.729 Thread 0x000001ff57ec9d50 DEOPT PACKING pc=0x000001ff0275fa61 sp=0x0000004e1d3fd850
Event: 2611.730 Thread 0x000001ff57ec9d50 DEOPT UNPACKING pc=0x000001ff074a4242 sp=0x0000004e1d3fcd40 mode 0
Event: 2611.876 Thread 0x000001ff57ec9d50 Uncommon trap: trap_request=0xffffffcc fr.pc=0x000001ff08182a38 relative=0x0000000000002ab8
Event: 2611.876 Thread 0x000001ff57ec9d50 Uncommon trap: reason=intrinsic_or_type_checked_inlining action=make_not_entrant pc=0x000001ff08182a38 method=org.eclipse.jdt.internal.compiler.parser.Parser.parse(Lorg/eclipse/jdt/internal/compiler/ast/MethodDeclaration;Lorg/eclipse/jdt/internal/compiler
Event: 2611.876 Thread 0x000001ff57ec9d50 DEOPT PACKING pc=0x000001ff08182a38 sp=0x0000004e1d3fe5b0
Event: 2611.876 Thread 0x000001ff57ec9d50 DEOPT UNPACKING pc=0x000001ff074a3aa2 sp=0x0000004e1d3fe5b0 mode 2
Event: 2612.348 Thread 0x000001ff57ec9d50 Uncommon trap: trap_request=0xffffffde fr.pc=0x000001ff08883f3c relative=0x00000000000021bc
Event: 2612.348 Thread 0x000001ff57ec9d50 Uncommon trap: reason=class_check action=maybe_recompile pc=0x000001ff08883f3c method=org.eclipse.jdt.internal.compiler.lookup.Scope.findField(Lorg/eclipse/jdt/internal/compiler/lookup/TypeBinding;[CLorg/eclipse/jdt/internal/compiler/lookup/InvocationSite
Event: 2612.348 Thread 0x000001ff57ec9d50 DEOPT PACKING pc=0x000001ff08883f3c sp=0x0000004e1d3fde90
Event: 2612.349 Thread 0x000001ff57ec9d50 DEOPT UNPACKING pc=0x000001ff074a3aa2 sp=0x0000004e1d3fde20 mode 2

Classes loaded (20 events):
Event: 2233.777 Loading class jdk/internal/module/IllegalAccessLogger
Event: 2233.777 Loading class jdk/internal/module/IllegalAccessLogger done
Event: 2244.175 Loading class jdk/internal/module/IllegalAccessLogger
Event: 2244.175 Loading class jdk/internal/module/IllegalAccessLogger done
Event: 2256.064 Loading class jdk/internal/module/IllegalAccessLogger
Event: 2256.064 Loading class jdk/internal/module/IllegalAccessLogger done
Event: 2266.540 Loading class jdk/internal/module/IllegalAccessLogger
Event: 2266.540 Loading class jdk/internal/module/IllegalAccessLogger done
Event: 2277.758 Loading class jdk/internal/module/IllegalAccessLogger
Event: 2277.758 Loading class jdk/internal/module/IllegalAccessLogger done
Event: 2311.661 Loading class jdk/internal/module/IllegalAccessLogger
Event: 2311.661 Loading class jdk/internal/module/IllegalAccessLogger done
Event: 2397.928 Loading class jdk/internal/module/IllegalAccessLogger
Event: 2397.928 Loading class jdk/internal/module/IllegalAccessLogger done
Event: 2398.080 Loading class jdk/internal/module/IllegalAccessLogger
Event: 2398.080 Loading class jdk/internal/module/IllegalAccessLogger done
Event: 2536.446 Loading class jdk/internal/module/IllegalAccessLogger
Event: 2536.446 Loading class jdk/internal/module/IllegalAccessLogger done
Event: 2547.210 Loading class jdk/internal/module/IllegalAccessLogger
Event: 2547.210 Loading class jdk/internal/module/IllegalAccessLogger done

Classes unloaded (20 events):
Event: 2004.257 Thread 0x000001ff765c4100 Unloading class 0x000001ff10016400 'java/lang/invoke/LambdaForm$MH+0x000001ff10016400'
Event: 2004.257 Thread 0x000001ff765c4100 Unloading class 0x000001ff1000d800 'java/lang/invoke/LambdaForm$MH+0x000001ff1000d800'
Event: 2004.257 Thread 0x000001ff765c4100 Unloading class 0x000001ff1000d400 'java/lang/invoke/LambdaForm$MH+0x000001ff1000d400'
Event: 2004.257 Thread 0x000001ff765c4100 Unloading class 0x000001ff1000d000 'java/lang/invoke/LambdaForm$MH+0x000001ff1000d000'
Event: 2004.257 Thread 0x000001ff765c4100 Unloading class 0x000001ff1000cc00 'java/lang/invoke/LambdaForm$MH+0x000001ff1000cc00'
Event: 2004.257 Thread 0x000001ff765c4100 Unloading class 0x000001ff1000c800 'java/lang/invoke/LambdaForm$BMH+0x000001ff1000c800'
Event: 2004.257 Thread 0x000001ff765c4100 Unloading class 0x000001ff1000c000 'java/lang/invoke/LambdaForm$DMH+0x000001ff1000c000'
Event: 2004.257 Thread 0x000001ff765c4100 Unloading class 0x000001ff10008c00 'java/lang/invoke/LambdaForm$MH+0x000001ff10008c00'
Event: 2004.257 Thread 0x000001ff765c4100 Unloading class 0x000001ff10008800 'java/lang/invoke/LambdaForm$MH+0x000001ff10008800'
Event: 2004.257 Thread 0x000001ff765c4100 Unloading class 0x000001ff10008400 'java/lang/invoke/LambdaForm$MH+0x000001ff10008400'
Event: 2004.257 Thread 0x000001ff765c4100 Unloading class 0x000001ff10007000 'java/lang/invoke/LambdaForm$MH+0x000001ff10007000'
Event: 2004.257 Thread 0x000001ff765c4100 Unloading class 0x000001ff10006800 'java/lang/invoke/LambdaForm$MH+0x000001ff10006800'
Event: 2004.257 Thread 0x000001ff765c4100 Unloading class 0x000001ff10006400 'java/lang/invoke/LambdaForm$MH+0x000001ff10006400'
Event: 2004.257 Thread 0x000001ff765c4100 Unloading class 0x000001ff10006000 'java/lang/invoke/LambdaForm$MH+0x000001ff10006000'
Event: 2004.257 Thread 0x000001ff765c4100 Unloading class 0x000001ff10005c00 'java/lang/invoke/LambdaForm$BMH+0x000001ff10005c00'
Event: 2004.257 Thread 0x000001ff765c4100 Unloading class 0x000001ff10004800 'java/lang/invoke/LambdaForm$DMH+0x000001ff10004800'
Event: 2004.258 Thread 0x000001ff765c4100 Unloading class 0x000001ff10002800 'java/lang/invoke/LambdaForm$MH+0x000001ff10002800'
Event: 2004.258 Thread 0x000001ff765c4100 Unloading class 0x000001ff10002400 'java/lang/invoke/LambdaForm$MH+0x000001ff10002400'
Event: 2004.258 Thread 0x000001ff765c4100 Unloading class 0x000001ff10002000 'java/lang/invoke/LambdaForm$MH+0x000001ff10002000'
Event: 2004.258 Thread 0x000001ff765c4100 Unloading class 0x000001ff10001800 'java/lang/invoke/LambdaForm$MH+0x000001ff10001800'

Classes redefined (0 events):
No events

Internal exceptions (20 events):
Event: 2397.751 Thread 0x000001ff56d150d0 Exception <a 'sun/nio/fs/WindowsException'{0x00000000d566d2b8}> (0x00000000d566d2b8) 
thrown [s\src\hotspot\share\prims\jni.cpp, line 520]
Event: 2397.842 Thread 0x000001ff57b74a40 Exception <a 'sun/nio/fs/WindowsException'{0x00000000d580c390}> (0x00000000d580c390) 
thrown [s\src\hotspot\share\prims\jni.cpp, line 520]
Event: 2397.843 Thread 0x000001ff57b74a40 Exception <a 'sun/nio/fs/WindowsException'{0x00000000d580c7e0}> (0x00000000d580c7e0) 
thrown [s\src\hotspot\share\prims\jni.cpp, line 520]
Event: 2397.975 Thread 0x000001ff57b74a40 Exception <a 'sun/nio/fs/WindowsException'{0x00000000d5602230}> (0x00000000d5602230) 
thrown [s\src\hotspot\share\prims\jni.cpp, line 520]
Event: 2398.021 Thread 0x000001ff56d150d0 Exception <a 'sun/nio/fs/WindowsException'{0x00000000d5625da8}> (0x00000000d5625da8) 
thrown [s\src\hotspot\share\prims\jni.cpp, line 520]
Event: 2398.105 Thread 0x000001ff57b74a40 Exception <a 'sun/nio/fs/WindowsException'{0x00000000d55aca68}> (0x00000000d55aca68) 
thrown [s\src\hotspot\share\prims\jni.cpp, line 520]
Event: 2398.105 Thread 0x000001ff57b74a40 Exception <a 'sun/nio/fs/WindowsException'{0x00000000d55b0290}> (0x00000000d55b0290) 
thrown [s\src\hotspot\share\prims\jni.cpp, line 520]
Event: 2398.105 Thread 0x000001ff57b74a40 Exception <a 'sun/nio/fs/WindowsException'{0x00000000d55b18f0}> (0x00000000d55b18f0) 
thrown [s\src\hotspot\share\prims\jni.cpp, line 520]
Event: 2398.105 Thread 0x000001ff57b74a40 Exception <a 'sun/nio/fs/WindowsException'{0x00000000d55b2038}> (0x00000000d55b2038) 
thrown [s\src\hotspot\share\prims\jni.cpp, line 520]
Event: 2398.105 Thread 0x000001ff57b74a40 Exception <a 'sun/nio/fs/WindowsException'{0x00000000d55b2750}> (0x00000000d55b2750) 
thrown [s\src\hotspot\share\prims\jni.cpp, line 520]
Event: 2398.105 Thread 0x000001ff57b74a40 Exception <a 'sun/nio/fs/WindowsException'{0x00000000d55b2e58}> (0x00000000d55b2e58) 
thrown [s\src\hotspot\share\prims\jni.cpp, line 520]
Event: 2398.105 Thread 0x000001ff57b74a40 Exception <a 'sun/nio/fs/WindowsException'{0x00000000d55b3558}> (0x00000000d55b3558) 
thrown [s\src\hotspot\share\prims\jni.cpp, line 520]
Event: 2398.105 Thread 0x000001ff57b74a40 Exception <a 'sun/nio/fs/WindowsException'{0x00000000d55b3c48}> (0x00000000d55b3c48) 
thrown [s\src\hotspot\share\prims\jni.cpp, line 520]
Event: 2398.105 Thread 0x000001ff57b74a40 Exception <a 'sun/nio/fs/WindowsException'{0x00000000d55b4330}> (0x00000000d55b4330) 
thrown [s\src\hotspot\share\prims\jni.cpp, line 520]
Event: 2536.279 Thread 0x000001ff56d150d0 Exception <a 'sun/nio/fs/WindowsException'{0x00000000d5aa68a0}> (0x00000000d5aa68a0) 
thrown [s\src\hotspot\share\prims\jni.cpp, line 520]
Event: 2536.509 Thread 0x000001ff56d150d0 Exception <a 'sun/nio/fs/WindowsException'{0x00000000d5675d40}> (0x00000000d5675d40) 
thrown [s\src\hotspot\share\prims\jni.cpp, line 520]
Event: 2536.518 Thread 0x000001ff57ecb790 Exception <a 'sun/nio/fs/WindowsException'{0x00000000d59c0148}> (0x00000000d59c0148) 
thrown [s\src\hotspot\share\prims\jni.cpp, line 520]
Event: 2536.519 Thread 0x000001ff57ecb790 Exception <a 'sun/nio/fs/WindowsException'{0x00000000d5a33848}> (0x00000000d5a33848) 
thrown [s\src\hotspot\share\prims\jni.cpp, line 520]
Event: 2547.035 Thread 0x000001ff56d150d0 Exception <a 'sun/nio/fs/WindowsException'{0x00000000d5a00630}> (0x00000000d5a00630) 
thrown [s\src\hotspot\share\prims\jni.cpp, line 520]
Event: 2547.236 Thread 0x000001ff56d150d0 Exception <a 'sun/nio/fs/WindowsException'{0x00000000d5580828}> (0x00000000d5580828) 
thrown [s\src\hotspot\share\prims\jni.cpp, line 520]

ZGC Phase Switch (0 events):
No events

VM Operations (20 events):
Event: 2613.234 Executing safepoint VM operation: ParallelGCFailedAllocation (Allocation Failure) done
Event: 2613.250 Executing safepoint VM operation: ParallelGCFailedAllocation (Allocation Failure)
Event: 2614.256 Executing safepoint VM operation: ParallelGCFailedAllocation (Allocation Failure) done
Event: 2614.270 Executing safepoint VM operation: ParallelGCFailedAllocation (Allocation Failure)
Event: 2614.274 Executing safepoint VM operation: ParallelGCFailedAllocation (Allocation Failure) done
Event: 2614.290 Executing safepoint VM operation: ParallelGCFailedAllocation (Allocation Failure)
Event: 2614.296 Executing safepoint VM operation: ParallelGCFailedAllocation (Allocation Failure) done
Event: 2614.326 Executing safepoint VM operation: ParallelGCFailedAllocation (Allocation Failure)
Event: 2614.330 Executing safepoint VM operation: ParallelGCFailedAllocation (Allocation Failure) done
Event: 2614.361 Executing safepoint VM operation: ParallelGCFailedAllocation (Allocation Failure)
Event: 2614.379 Executing safepoint VM operation: ParallelGCFailedAllocation (Allocation Failure) done
Event: 2614.398 Executing safepoint VM operation: ParallelGCFailedAllocation (Allocation Failure)
Event: 2614.401 Executing safepoint VM operation: ParallelGCFailedAllocation (Allocation Failure) done
Event: 2614.435 Executing safepoint VM operation: ParallelGCFailedAllocation (Allocation Failure)
Event: 2614.439 Executing safepoint VM operation: ParallelGCFailedAllocation (Allocation Failure) done
Event: 2614.464 Executing safepoint VM operation: ParallelGCFailedAllocation (Allocation Failure)
Event: 2614.468 Executing safepoint VM operation: ParallelGCFailedAllocation (Allocation Failure) done
Event: 2614.503 Executing safepoint VM operation: ParallelGCFailedAllocation (Allocation Failure)
Event: 2614.507 Executing safepoint VM operation: ParallelGCFailedAllocation (Allocation Failure) done
Event: 2614.535 Executing safepoint VM operation: ParallelGCFailedAllocation (Allocation Failure)

Memory protections (0 events):
No events

Nmethod flushes (20 events):
Event: 2097.081 Thread 0x000001ff765c4100 flushing  nmethod 0x000001ff02d11590
Event: 2097.081 Thread 0x000001ff765c4100 flushing  nmethod 0x000001ff02d11a10
Event: 2097.081 Thread 0x000001ff765c4100 flushing  nmethod 0x000001ff02d1b010
Event: 2097.081 Thread 0x000001ff765c4100 flushing  nmethod 0x000001ff02d23c90
Event: 2097.081 Thread 0x000001ff765c4100 flushing  nmethod 0x000001ff02d27210
Event: 2097.081 Thread 0x000001ff765c4100 flushing  nmethod 0x000001ff02d2a390
Event: 2097.081 Thread 0x000001ff765c4100 flushing  nmethod 0x000001ff02d4f510
Event: 2097.081 Thread 0x000001ff765c4100 flushing  nmethod 0x000001ff02d6c490
Event: 2097.081 Thread 0x000001ff765c4100 flushing  nmethod 0x000001ff02d71a90
Event: 2097.081 Thread 0x000001ff765c4100 flushing  nmethod 0x000001ff02d75690
Event: 2097.081 Thread 0x000001ff765c4100 flushing  nmethod 0x000001ff02df3290
Event: 2097.081 Thread 0x000001ff765c4100 flushing  nmethod 0x000001ff02df5310
Event: 2097.081 Thread 0x000001ff765c4100 flushing  nmethod 0x000001ff02e7d990
Event: 2097.081 Thread 0x000001ff765c4100 flushing  nmethod 0x000001ff02ec1690
Event: 2097.081 Thread 0x000001ff765c4100 flushing  nmethod 0x000001ff02eeab90
Event: 2097.081 Thread 0x000001ff765c4100 flushing  nmethod 0x000001ff02f24d10
Event: 2097.081 Thread 0x000001ff765c4100 flushing  nmethod 0x000001ff02f36310
Event: 2097.081 Thread 0x000001ff765c4100 flushing  nmethod 0x000001ff02f61590
Event: 2097.081 Thread 0x000001ff765c4100 flushing  nmethod 0x000001ff02fcb410
Event: 2097.081 Thread 0x000001ff765c4100 flushing  nmethod 0x000001ff03088010

Events (20 events):
Event: 2518.488 Thread 0x000001ff57ec68d0 Thread exited: 0x000001ff57ec68d0
Event: 2521.875 Thread 0x000001ff6608a3d0 Thread exited: 0x000001ff6608a3d0
Event: 2533.712 Thread 0x000001ff66088300 Thread exited: 0x000001ff66088300
Event: 2536.371 Thread 0x000001ff57ecb790 Thread added: 0x000001ff57ec6240
Event: 2536.438 Thread 0x000001ff57b74a40 Thread added: 0x000001ff57ec9d50
Event: 2536.446 Thread 0x000001ff57ecb790 Thread added: 0x000001ff57ec68d0
Event: 2536.600 Thread 0x000001ff7f39b1c0 Thread added: 0x000001ff56433350
Event: 2537.106 Thread 0x000001ff56433350 Thread exited: 0x000001ff56433350
Event: 2544.147 Thread 0x000001ff6608b0f0 Thread exited: 0x000001ff6608b0f0
Event: 2547.144 Thread 0x000001ff57ecb790 Thread added: 0x000001ff57ecc4b0
Event: 2547.315 Thread 0x000001ff57b74a40 Thread added: 0x000001ff57ecaa70
Event: 2556.026 Thread 0x000001ff5c0ea3e0 Thread exited: 0x000001ff5c0ea3e0
Event: 2566.512 Thread 0x000001ff5c0eaa70 Thread exited: 0x000001ff5c0eaa70
Event: 2577.712 Thread 0x000001ff5c0ebe20 Thread exited: 0x000001ff5c0ebe20
Event: 2607.234 Thread 0x000001ff57ec68d0 Thread exited: 0x000001ff57ec68d0
Event: 2607.343 Thread 0x000001ff57b78550 Thread exited: 0x000001ff57b78550
Event: 2607.884 Thread 0x000001ff57b74a40 Thread exited: 0x000001ff57b74a40
Event: 2608.792 Thread 0x000001ff57ecb790 Thread exited: 0x000001ff57ecb790
Event: 2611.628 Thread 0x000001ff5c0ee580 Thread exited: 0x000001ff5c0ee580
Event: 2614.266 Thread 0x000001ff7f394f70 Thread added: 0x000001ff56a1adb0


Dynamic libraries:
0x00007ff6e1410000 - 0x00007ff6e141e000 	c:\Users\ZUZUKA\.antigravity-ide\extensions\redhat.java-1.54.0-win32-x64\jre\21.0.10-win32-x86_64\bin\java.exe
0x00007ff8e21e0000 - 0x00007ff8e2446000 	C:\Windows\SYSTEM32\ntdll.dll
0x00007ff8e0cd0000 - 0x00007ff8e0d99000 	C:\Windows\System32\KERNEL32.DLL
0x00007ff8df500000 - 0x00007ff8df8fa000 	C:\Windows\System32\KERNELBASE.dll
0x00007ff8dfd50000 - 0x00007ff8dfe9c000 	C:\Windows\System32\ucrtbase.dll
0x00007ff8841f0000 - 0x00007ff884208000 	c:\Users\ZUZUKA\.antigravity-ide\extensions\redhat.java-1.54.0-win32-x64\jre\21.0.10-win32-x86_64\bin\jli.dll
0x00007ff8841d0000 - 0x00007ff8841ee000 	c:\Users\ZUZUKA\.antigravity-ide\extensions\redhat.java-1.54.0-win32-x64\jre\21.0.10-win32-x86_64\bin\VCRUNTIME140.dll
0x00007ff8e1a20000 - 0x00007ff8e1be7000 	C:\Windows\System32\USER32.dll
0x00007ff8dfbb0000 - 0x00007ff8dfbd7000 	C:\Windows\System32\win32u.dll
0x00007ff8cb7c0000 - 0x00007ff8cba52000 	C:\Windows\WinSxS\amd64_microsoft.windows.common-controls_6595b64144ccf1df_6.0.26100.8521_none_3e08b75ce33403b3\COMCTL32.dll
0x00007ff8e0a00000 - 0x00007ff8e0a2b000 	C:\Windows\System32\GDI32.dll
0x00007ff8e1c20000 - 0x00007ff8e1cc9000 	C:\Windows\System32\msvcrt.dll
0x00007ff8df900000 - 0x00007ff8dfa2b000 	C:\Windows\System32\gdi32full.dll
0x00007ff8dfea0000 - 0x00007ff8dff43000 	C:\Windows\System32\msvcp_win.dll
0x00007ff8e1cd0000 - 0x00007ff8e1d02000 	C:\Windows\System32\IMM32.DLL
0x00007ff8841c0000 - 0x00007ff8841cc000 	c:\Users\ZUZUKA\.antigravity-ide\extensions\redhat.java-1.54.0-win32-x64\jre\21.0.10-win32-x86_64\bin\vcruntime140_1.dll
0x00007ff84db50000 - 0x00007ff84dbdd000 	c:\Users\ZUZUKA\.antigravity-ide\extensions\redhat.java-1.54.0-win32-x64\jre\21.0.10-win32-x86_64\bin\msvcp140.dll
0x00007fffee110000 - 0x00007fffeeeb1000 	c:\Users\ZUZUKA\.antigravity-ide\extensions\redhat.java-1.54.0-win32-x64\jre\21.0.10-win32-x86_64\bin\server\jvm.dll
0x00007ff8e0a90000 - 0x00007ff8e0b46000 	C:\Windows\System32\ADVAPI32.dll
0x00007ff8dffe0000 - 0x00007ff8e008a000 	C:\Windows\System32\sechost.dll
0x00007ff8e1ed0000 - 0x00007ff8e1fe8000 	C:\Windows\System32\RPCRT4.dll
0x00007ff8dff50000 - 0x00007ff8dffd0000 	C:\Windows\System32\WS2_32.dll
0x00007ff8d77d0000 - 0x00007ff8d7806000 	C:\Windows\SYSTEM32\WINMM.dll
0x00007ff8d8480000 - 0x00007ff8d848b000 	C:\Windows\SYSTEM32\VERSION.dll
0x00007ff8df2d0000 - 0x00007ff8df32e000 	C:\Windows\SYSTEM32\POWRPROF.dll
0x00007ff8df2b0000 - 0x00007ff8df2c4000 	C:\Windows\SYSTEM32\UMPDC.dll
0x00007ff8de200000 - 0x00007ff8de21b000 	C:\Windows\SYSTEM32\kernel.appcore.dll
0x00007ff8841b0000 - 0x00007ff8841ba000 	c:\Users\ZUZUKA\.antigravity-ide\extensions\redhat.java-1.54.0-win32-x64\jre\21.0.10-win32-x86_64\bin\jimage.dll
0x00007ff8d30d0000 - 0x00007ff8d3312000 	C:\Windows\SYSTEM32\DBGHELP.DLL
0x00007ff8e0da0000 - 0x00007ff8e1123000 	C:\Windows\System32\combase.dll
0x00007ff8e1130000 - 0x00007ff8e1209000 	C:\Windows\System32\OLEAUT32.dll
0x00007ff8cb710000 - 0x00007ff8cb74b000 	C:\Windows\SYSTEM32\dbgcore.DLL
0x00007ff8dfbe0000 - 0x00007ff8dfc88000 	C:\Windows\System32\bcryptPrimitives.dll
0x00007ff8841a0000 - 0x00007ff8841af000 	c:\Users\ZUZUKA\.antigravity-ide\extensions\redhat.java-1.54.0-win32-x64\jre\21.0.10-win32-x86_64\bin\instrument.dll
0x00007ff884180000 - 0x00007ff8841a0000 	c:\Users\ZUZUKA\.antigravity-ide\extensions\redhat.java-1.54.0-win32-x64\jre\21.0.10-win32-x86_64\bin\java.dll
0x00007ff8e1210000 - 0x00007ff8e1994000 	C:\Windows\System32\SHELL32.dll
0x00007ff8dd020000 - 0x00007ff8dd8a0000 	C:\Windows\SYSTEM32\windows.storage.dll
0x00007ff8e0770000 - 0x00007ff8e0866000 	C:\Windows\System32\SHCORE.dll
0x00007ff8e0700000 - 0x00007ff8e0767000 	C:\Windows\System32\shlwapi.dll
0x00007ff8df390000 - 0x00007ff8df3b9000 	C:\Windows\SYSTEM32\profapi.dll
0x00007ff884160000 - 0x00007ff884178000 	c:\Users\ZUZUKA\.antigravity-ide\extensions\redhat.java-1.54.0-win32-x64\jre\21.0.10-win32-x86_64\bin\zip.dll
0x00007ff884150000 - 0x00007ff884160000 	C:\Users\ZUZUKA\.antigravity-ide\extensions\redhat.java-1.54.0-win32-x64\jre\21.0.10-win32-x86_64\bin\net.dll
0x00007ff8d8300000 - 0x00007ff8d8429000 	C:\Windows\SYSTEM32\WINHTTP.dll
0x00007ff8de770000 - 0x00007ff8de7dc000 	C:\Windows\system32\mswsock.dll
0x00007ff84db10000 - 0x00007ff84db26000 	C:\Users\ZUZUKA\.antigravity-ide\extensions\redhat.java-1.54.0-win32-x64\jre\21.0.10-win32-x86_64\bin\nio.dll
0x00007ff884140000 - 0x00007ff884150000 	c:\Users\ZUZUKA\.antigravity-ide\extensions\redhat.java-1.54.0-win32-x64\jre\21.0.10-win32-x86_64\bin\verify.dll
0x00007ff843ec0000 - 0x00007ff843f05000 	C:\Users\ZUZUKA\AppData\Roaming\Antigravity IDE\User\globalStorage\redhat.java\1.54.0\config_win\org.eclipse.equinox.launcher\org.eclipse.equinox.launcher.win32.win32.x86_64_1.3.0.v20260203-2149\eclipse_11919.dll
0x00007ff8e1ff0000 - 0x00007ff8e2188000 	C:\Windows\System32\ole32.dll
0x00007ff84db00000 - 0x00007ff84db0a000 	C:\Users\ZUZUKA\.antigravity-ide\extensions\redhat.java-1.54.0-win32-x64\jre\21.0.10-win32-x86_64\bin\management.dll
0x00007ff84daf0000 - 0x00007ff84dafc000 	C:\Users\ZUZUKA\.antigravity-ide\extensions\redhat.java-1.54.0-win32-x64\jre\21.0.10-win32-x86_64\bin\management_ext.dll
0x00007ff8e2190000 - 0x00007ff8e2198000 	C:\Windows\System32\PSAPI.DLL
0x00007ff8dea60000 - 0x00007ff8dea7b000 	C:\Windows\SYSTEM32\CRYPTSP.dll
0x00007ff8de160000 - 0x00007ff8de199000 	C:\Windows\system32\rsaenh.dll
0x00007ff8de820000 - 0x00007ff8de853000 	C:\Windows\SYSTEM32\USERENV.dll
0x00007ff8df360000 - 0x00007ff8df38a000 	C:\Windows\SYSTEM32\bcrypt.dll
0x00007ff8dea50000 - 0x00007ff8dea5c000 	C:\Windows\SYSTEM32\CRYPTBASE.dll
0x00007ff8ddbc0000 - 0x00007ff8ddbf3000 	C:\Windows\SYSTEM32\IPHLPAPI.DLL
0x00007ff8e0cc0000 - 0x00007ff8e0cca000 	C:\Windows\System32\NSI.dll
0x00007ff843e20000 - 0x00007ff843e69000 	C:\Users\ZUZUKA\AppData\Local\Temp\jna--1637079156\jna10428348046364983309.dll
0x00007ff8d7e60000 - 0x00007ff8d7e7d000 	C:\Windows\SYSTEM32\dhcpcsvc6.DLL
0x00007ff8d7e10000 - 0x00007ff8d7e35000 	C:\Windows\SYSTEM32\dhcpcsvc.DLL
0x00007ff843e10000 - 0x00007ff843e1e000 	C:\Users\ZUZUKA\.antigravity-ide\extensions\redhat.java-1.54.0-win32-x64\jre\21.0.10-win32-x86_64\bin\sunmscapi.dll
0x00007ff8dfa30000 - 0x00007ff8dfba8000 	C:\Windows\System32\CRYPT32.dll
0x00007ff8dec70000 - 0x00007ff8deca0000 	C:\Windows\SYSTEM32\ncrypt.dll
0x00007ff8dec20000 - 0x00007ff8dec5f000 	C:\Windows\SYSTEM32\NTASN1.dll
0x00007ff8ddc50000 - 0x00007ff8ddd9a000 	C:\Windows\SYSTEM32\DNSAPI.dll
0x00007ff8de570000 - 0x00007ff8de57d000 	C:\Windows\SYSTEM32\DSPARSE.dll
0x00007ff8d4050000 - 0x00007ff8d405b000 	C:\Windows\System32\rasadhlp.dll
0x00007ff8d4110000 - 0x00007ff8d4196000 	C:\Windows\System32\fwpuclnt.dll
0x00007ff843e00000 - 0x00007ff843e09000 	C:\Users\ZUZUKA\.antigravity-ide\extensions\redhat.java-1.54.0-win32-x64\jre\21.0.10-win32-x86_64\bin\extnet.dll
0x00007ff86d010000 - 0x00007ff86d018000 	C:\Windows\system32\wshunix.dll

JVMTI agents:
c:\Users\ZUZUKA\.antigravity-ide\extensions\redhat.java-1.54.0-win32-x64\lombok\lombok-1.18.39-4050.jar path:c:\Users\ZUZUKA\.antigravity-ide\extensions\redhat.java-1.54.0-win32-x64\jre\21.0.10-win32-x86_64\bin\instrument.dll, loaded, initialized, instrumentlib options:none

dbghelp: loaded successfully - version: 4.0.5 - missing functions: none
symbol engine: initialized successfully - sym options: 0x614 - pdb path: .;c:\Users\ZUZUKA\.antigravity-ide\extensions\redhat.java-1.54.0-win32-x64\jre\21.0.10-win32-x86_64\bin;C:\Windows\SYSTEM32;C:\Windows\WinSxS\amd64_microsoft.windows.common-controls_6595b64144ccf1df_6.0.26100.8521_none_3e08b75ce33403b3;c:\Users\ZUZUKA\.antigravity-ide\extensions\redhat.java-1.54.0-win32-x64\jre\21.0.10-win32-x86_64\bin\server;C:\Users\ZUZUKA\AppData\Roaming\Antigravity IDE\User\globalStorage\redhat.java\1.54.0\config_win\org.eclipse.equinox.launcher\org.eclipse.equinox.launcher.win32.win32.x86_64_1.3.0.v20260203-2149;C:\Users\ZUZUKA\AppData\Local\Temp\jna--1637079156

VM Arguments:
jvm_args: --add-modules=ALL-SYSTEM --add-opens=java.base/java.util=ALL-UNNAMED --add-opens=java.base/java.lang=ALL-UNNAMED --add-opens=java.base/sun.nio.fs=ALL-UNNAMED -Declipse.application=org.eclipse.jdt.ls.core.id1 -Dosgi.bundles.defaultStartLevel=4 -Declipse.product=org.eclipse.jdt.ls.core.product -Djava.import.generatesMetadataFilesAtProjectRoot=false -DDetectVMInstallationsJob.disabled=true -Dfile.encoding=utf8 -XX:+UseParallelGC -XX:GCTimeRatio=4 -XX:AdaptiveSizePolicyWeight=90 -Dsun.zip.disableMemoryMapping=true -Xmx2G -Xms100m -Xlog:disable -javaagent:c:\Users\ZUZUKA\.antigravity-ide\extensions\redhat.java-1.54.0-win32-x64\lombok\lombok-1.18.39-4050.jar -XX:+HeapDumpOnOutOfMemoryError -XX:HeapDumpPath=c:\Users\ZUZUKA\AppData\Roaming\Antigravity IDE\User\workspaceStorage\9f45ee45d688502c1173f9d40e8d91a6\redhat.java -Daether.dependencyCollector.impl=bf 
java_command: c:\Users\ZUZUKA\.antigravity-ide\extensions\redhat.java-1.54.0-win32-x64\server\plugins\org.eclipse.equinox.launcher_1.7.100.v20251111-0406.jar -configuration c:\Users\ZUZUKA\AppData\Roaming\Antigravity IDE\User\globalStorage\redhat.java\1.54.0\config_win -data c:\Users\ZUZUKA\AppData\Roaming\Antigravity IDE\User\workspaceStorage\9f45ee45d688502c1173f9d40e8d91a6\redhat.java\jdt_ws --pipe=\\.\pipe\lsp-9acb98293f83a2f8d0fb4d83e7142072-sock
java_class_path (initial): c:\Users\ZUZUKA\.antigravity-ide\extensions\redhat.java-1.54.0-win32-x64\server\plugins\org.eclipse.equinox.launcher_1.7.100.v20251111-0406.jar
Launcher Type: SUN_STANDARD

[Global flags]
    uintx AdaptiveSizePolicyWeight                 = 90                                        {product} {command line}
     intx CICompilerCount                          = 12                                        {product} {ergonomic}
    uintx GCTimeRatio                              = 4                                         {product} {command line}
     bool HeapDumpOnOutOfMemoryError               = true                                   {manageable} {command line}
    ccstr HeapDumpPath                             = c:\Users\ZUZUKA\AppData\Roaming\Antigravity IDE\User\workspaceStorage\9f45ee45d688502c1173f9d40e8d91a6\redhat.java         {manageable} {command line}
   size_t InitialHeapSize                          = 104857600                                 {product} {command line}
   size_t MaxHeapSize                              = 2147483648                                {product} {command line}
   size_t MaxNewSize                               = 715653120                                 {product} {ergonomic}
   size_t MinHeapDeltaBytes                        = 524288                                    {product} {ergonomic}
   size_t MinHeapSize                              = 104857600                                 {product} {command line}
   size_t NewSize                                  = 34603008                                  {product} {ergonomic}
    uintx NonNMethodCodeHeapSize                   = 7602480                                {pd product} {ergonomic}
    uintx NonProfiledCodeHeapSize                  = 122027880                              {pd product} {ergonomic}
   size_t OldSize                                  = 70254592                                  {product} {ergonomic}
    uintx ProfiledCodeHeapSize                     = 122027880                              {pd product} {ergonomic}
    uintx ReservedCodeCacheSize                    = 251658240                              {pd product} {ergonomic}
     bool SegmentedCodeCache                       = true                                      {product} {ergonomic}
   size_t SoftMaxHeapSize                          = 2147483648                             {manageable} {ergonomic}
     bool UseCompressedOops                        = true                           {product lp64_product} {ergonomic}
     bool UseLargePagesIndividualAllocation        = false                                  {pd product} {ergonomic}
     bool UseParallelGC                            = true                                      {product} {command line}

Logging:
Log output configuration:
 #0: stdout all=off uptime,level,tags foldmultilines=false
 #1: stderr all=off uptime,level,tags foldmultilines=false

Release file:
JAVA_VERSION="21.0.10" 
MODULES="java.base java.compiler java.datatransfer java.xml java.prefs java.desktop java.instrument java.logging java.management java.security.sasl java.naming java.rmi java.management.rmi java.net.http java.scripting java.security.jgss java.transaction.xa java.sql java.sql.rowset java.xml.crypto java.se java.smartcardio jdk.accessibility jdk.internal.jvmstat jdk.attach jdk.charsets jdk.internal.opt jdk.zipfs jdk.compiler jdk.crypto.ec jdk.crypto.cryptoki jdk.crypto.mscapi jdk.dynalink jdk.internal.ed jdk.editpad jdk.hotspot.agent jdk.httpserver jdk.internal.le jdk.internal.vm.ci jdk.internal.vm.compiler jdk.internal.vm.compiler.management jdk.jartool jdk.javadoc jdk.jcmd jdk.management jdk.management.agent jdk.jconsole jdk.jdeps jdk.jdwp.agent jdk.jdi jdk.jfr jdk.jshell jdk.jsobject jdk.jstatd jdk.localedata jdk.management.jfr jdk.naming.dns jdk.naming.rmi jdk.net jdk.nio.mapmode jdk.random jdk.sctp jdk.security.auth jdk.security.jgss jdk.unsupported jdk.unsupported.desktop jdk.xml.dom" 

Environment Variables:
PATH=C:\Program Files\Common Files\Oracle\Java\javapath;C:\Windows\system32;C:\Windows;C:\Windows\System32\Wbem;C:\Windows\System32\WindowsPowerShell\v1.0\;C:\Windows\System32\OpenSSH\;C:\Program Files\Git\cmd;C:\Program Files\nodejs\;C:\ProgramData\chocolatey\bin;C:\Program Files\dotnet\;C:\Program Files\Docker\Docker\resources\bin;C:\texlive\2026\bin\windows;C:\Users\ZUZUKA\AppData\Local\Programs\Python\Python313\Scripts\;C:\Users\ZUZUKA\AppData\Local\Programs\Python\Python313\;C:\Users\ZUZUKA\AppData\Local\Programs\Python\Launcher\;C:\Users\ZUZUKA\AppData\Local\Microsoft\WindowsApps;C:\Users\ZUZUKA\AppData\Local\Programs\Microsoft VS Code\bin;C:\Users\ZUZUKA\AppData\Roaming\npm;C:\Users\ZUZUKA\AppData\Local\Programs\MiKTeX\miktex\bin\x64\;C:\Users\ZUZUKA\AppData\Local\Pandoc\;C:\Users\ZUZUKA\.dotnet\tools;C:\Users\ZUZUKA\AppData\Local\Programs\cursor\resources\app\bin;C:\Users\ZUZUKA\AppData\Local\Programs\Antigravity\bin;C:\Users\ZUZUKA\Downloads\sonar-scanner-cli-8.0.1.6346-windows-x64\sonar-scanner-8.0.1.6346-windows-x64\bin;C:\Users\ZUZUKA\AppData\Local\Programs\Antigravity IDE\bin
USERNAME=ZUZUKA
OS=Windows_NT
PROCESSOR_IDENTIFIER=AMD64 Family 23 Model 104 Stepping 1, AuthenticAMD
TMP=C:\Users\ZUZUKA\AppData\Local\Temp
TEMP=C:\Users\ZUZUKA\AppData\Local\Temp




Periodic native trim disabled

---------------  S Y S T E M  ---------------

OS:
 Windows 11 , 64 bit Build 26100 (10.0.26100.8521)
OS uptime: 0 days 2:53 hours
Hyper-V role detected

CPU: total 16 (initial active 16) (16 cores per cpu, 2 threads per core) family 23 model 104 stepping 1 microcode 0x8608102, cx8, cmov, fxsr, ht, mmx, 3dnowpref, sse, sse2, sse3, ssse3, sse4a, sse4.1, sse4.2, popcnt, lzcnt, tsc, tscinvbit, avx, avx2, aes, clmul, bmi1, bmi2, adx, sha, fma, vzeroupper, clflush, clflushopt, hv, rdtscp, rdpid, f16c
Processor Information for the first 16 processors :
  Max Mhz: 1801, Current Mhz: 1801, Mhz Limit: 1801

Memory: 4k page, system-wide physical 6005M (393M free)
TotalPageFile size 18293M (AvailPageFile size 4M)
current process WorkingSet (physical memory assigned to process): 341M, peak: 1117M
current process commit charge ("private bytes"): 1491M, peak: 1835M

vm_info: OpenJDK 64-Bit Server VM (21.0.10+7-LTS) for windows-amd64 JRE (21.0.10+7-LTS), built on 2026-01-20T00:00:00Z by "admin" with MS VC++ 17.12 (VS2022)

END.
